
> sens-pubg@0.1.0 build
> next build

Ôû▓ Next.js 16.1.6 (Turbopack)
- Environments: .env.local

node.exe : ÔÜá The "middleware" file 
convention is deprecated. Please use 
"proxy" instead. Learn more: https://next
js.org/docs/messages/middleware-to-proxy
No linha:1 caractere:1
+ & "C:\Program Files\nodejs/node.exe" 
"C:\Program Files\nodejs/node_mo ...
+ ~~~~~~~~~~~~~~~~~~~~~~~~~~~~~~~~~~~~~~~
~~~~~~~~~~~~~~~~~~~~~~~~~~~~~~
    + CategoryInfo          : NotSpecifi 
   ed: (ÔÜá The "middle...leware-to-pro  
  xy:String) [], RemoteException
    + FullyQualifiedErrorId : NativeComm 
   andError
 
  Creating an optimized production build ...
(node:22880) 
[MODULE_TYPELESS_PACKAGE_JSON] Warning: 
Module type of file:///C:/Users/Liiiraa/D
ocuments/estudos/sens-pubg/tailwind.confi
g.ts?id=1772407963590 is not specified 
and it doesn't parse as CommonJS.
Reparsing as ES module because module 
syntax was detected. This incurs a 
performance overhead.
To eliminate this warning, add "type": 
"module" to C:\Users\Liiiraa\Documents\es
tudos\sens-pubg\package.json.
(Use `node --trace-warnings ...` to show 
where the warning was created)
Ô£ô Compiled successfully in 1990.9ms
  Running TypeScript ...
Failed to compile.

./src/app/profile/page.tsx:77:43
Type error: Property 'bio' does not 
exist on type '{ id: string; name: 
string | null; email: string | null; 
emailVerified: Date | null; image: 
string | null; language: string; 
discordId: string | null; role: string; 
fov: number; resolution: string; ... 7 
more ...; profile: { ...; }; }'.

[0m [90m 75 |[39m                     
            [33m<[39m[33mh1[39m[33m>
[39m{user[33m.[39mname}[33m<[39m[33
m/[39m[33mh1[39m[33m>[39m
 [90m 76 |[39m
[31m[1m>[22m[39m[90m 77 |[39m      
                           
{profile[33m?[39m[33m.[39mbio 
[33m&&[39m (
 [90m    |[39m                         
                  [31m[1m^[22m[39m
 [90m 78 |[39m                         
            [33m<[39m[33mp[39m classN
ame[33m=[39m{styles[33m.[39mbio}[33m
>[39m{profile[33m.[39mbio}[33m<[39m
[33m/[39m[33mp[39m[33m>[39m
 [90m 79 |[39m                         
        )}
 [90m 80 |[39m[0m
Next.js build worker exited with code: 1 
and signal: null
